// Jest Snapshot v1, https://goo.gl/fbAQLP

exports[`<LatestCase /> Matches snapshot 1`] = `
<div>
  <Card
    a11yTitle="Card"
    contentPad="medium"
    description={
      <Label
        announce={true}
        size="medium"
      >
        Test case
      </Label>
    }
    headingStrong={true}
    label="CASE 12345-1"
    link={
      <Anchor
        animateIcon={true}
        method="push"
        onClick={[Function]}
        tag="a"
      >
        Siirry
      </Anchor>
    }
    style={
      Object {
        "borderBottom": "2px solid #CCC",
      }
    }
    textSize="small"
  />
</div>
`;
