// Jest Snapshot v1, https://goo.gl/fbAQLP

exports[`<LatestEventList /> Matches snapshot 1`] = `
<div>
  <LatestEvent
    id={1}
    start_date="2013-04-18"
  />
  <LatestEvent
    id={20}
    start_date="2012-03-07"
  />
  <LatestEvent
    id={19}
    start_date="2012-02-08"
  />
  <LatestEvent
    id={18}
    start_date="2012-01-25"
  />
  <LatestEvent
    id={17}
    start_date="2013-06-12"
  />
  <LatestEvent
    id={16}
    start_date="2013-05-23"
  />
  <LatestEvent
    id={15}
    start_date="2013-04-25"
  />
  <LatestEvent
    id={14}
    start_date="2013-04-03"
  />
  <LatestEvent
    id={13}
    start_date="2013-03-14"
  />
  <LatestEvent
    id={12}
    start_date="2013-02-05"
  />
  <LatestEvent
    id={11}
    start_date="2012-12-20"
  />
  <LatestEvent
    id={10}
    start_date="2012-11-22"
  />
  <LatestEvent
    id={9}
    start_date="2012-11-08"
  />
  <LatestEvent
    id={8}
    start_date="2012-10-25"
  />
  <LatestEvent
    id={7}
    start_date="2012-10-11"
  />
  <LatestEvent
    id={6}
    start_date="2012-09-27"
  />
  <LatestEvent
    id={5}
    start_date="2012-08-16"
  />
  <LatestEvent
    id={4}
    start_date="2012-06-07"
  />
  <LatestEvent
    id={3}
    start_date="2012-05-24"
  />
  <LatestEvent
    id={2}
    start_date="2012-04-26"
  />
</div>
`;
