// Jest Snapshot v1, https://goo.gl/fbAQLP

exports[`<OrganizationMap /> Should match snapshot 1`] = `
<OrganizationMap
  organization={
    Object {
      "classification": "Hallitus",
      "created_at": "2017-05-05T06:12:51.070006Z",
      "data_source": "helsinki",
      "dissolution_date": null,
      "events": Array [
        "https://paatos-helsinki.6aika.fi/v1/event/103/",
        "https://paatos-helsinki.6aika.fi/v1/event/104/",
        "https://paatos-helsinki.6aika.fi/v1/event/105/",
        "https://paatos-helsinki.6aika.fi/v1/event/106/",
        "https://paatos-helsinki.6aika.fi/v1/event/107/",
        "https://paatos-helsinki.6aika.fi/v1/event/108/",
        "https://paatos-helsinki.6aika.fi/v1/event/109/",
        "https://paatos-helsinki.6aika.fi/v1/event/110/",
        "https://paatos-helsinki.6aika.fi/v1/event/111/",
        "https://paatos-helsinki.6aika.fi/v1/event/112/",
        "https://paatos-helsinki.6aika.fi/v1/event/113/",
        "https://paatos-helsinki.6aika.fi/v1/event/114/",
        "https://paatos-helsinki.6aika.fi/v1/event/115/",
        "https://paatos-helsinki.6aika.fi/v1/event/116/",
        "https://paatos-helsinki.6aika.fi/v1/event/117/",
        "https://paatos-helsinki.6aika.fi/v1/event/118/",
        "https://paatos-helsinki.6aika.fi/v1/event/119/",
        "https://paatos-helsinki.6aika.fi/v1/event/120/",
        "https://paatos-helsinki.6aika.fi/v1/event/121/",
        "https://paatos-helsinki.6aika.fi/v1/event/122/",
        "https://paatos-helsinki.6aika.fi/v1/event/123/",
        "https://paatos-helsinki.6aika.fi/v1/event/124/",
        "https://paatos-helsinki.6aika.fi/v1/event/126/",
        "https://paatos-helsinki.6aika.fi/v1/event/127/",
        "https://paatos-helsinki.6aika.fi/v1/event/128/",
        "https://paatos-helsinki.6aika.fi/v1/event/129/",
        "https://paatos-helsinki.6aika.fi/v1/event/130/",
        "https://paatos-helsinki.6aika.fi/v1/event/131/",
        "https://paatos-helsinki.6aika.fi/v1/event/132/",
        "https://paatos-helsinki.6aika.fi/v1/event/133/",
        "https://paatos-helsinki.6aika.fi/v1/event/134/",
        "https://paatos-helsinki.6aika.fi/v1/event/137/",
        "https://paatos-helsinki.6aika.fi/v1/event/138/",
        "https://paatos-helsinki.6aika.fi/v1/event/139/",
        "https://paatos-helsinki.6aika.fi/v1/event/140/",
        "https://paatos-helsinki.6aika.fi/v1/event/141/",
        "https://paatos-helsinki.6aika.fi/v1/event/142/",
        "https://paatos-helsinki.6aika.fi/v1/event/143/",
        "https://paatos-helsinki.6aika.fi/v1/event/144/",
        "https://paatos-helsinki.6aika.fi/v1/event/145/",
        "https://paatos-helsinki.6aika.fi/v1/event/146/",
        "https://paatos-helsinki.6aika.fi/v1/event/147/",
        "https://paatos-helsinki.6aika.fi/v1/event/148/",
        "https://paatos-helsinki.6aika.fi/v1/event/149/",
        "https://paatos-helsinki.6aika.fi/v1/event/150/",
        "https://paatos-helsinki.6aika.fi/v1/event/151/",
        "https://paatos-helsinki.6aika.fi/v1/event/152/",
        "https://paatos-helsinki.6aika.fi/v1/event/153/",
        "https://paatos-helsinki.6aika.fi/v1/event/154/",
        "https://paatos-helsinki.6aika.fi/v1/event/155/",
        "https://paatos-helsinki.6aika.fi/v1/event/156/",
        "https://paatos-helsinki.6aika.fi/v1/event/157/",
        "https://paatos-helsinki.6aika.fi/v1/event/159/",
        "https://paatos-helsinki.6aika.fi/v1/event/553/",
        "https://paatos-helsinki.6aika.fi/v1/event/554/",
        "https://paatos-helsinki.6aika.fi/v1/event/555/",
        "https://paatos-helsinki.6aika.fi/v1/event/556/",
        "https://paatos-helsinki.6aika.fi/v1/event/557/",
        "https://paatos-helsinki.6aika.fi/v1/event/558/",
        "https://paatos-helsinki.6aika.fi/v1/event/559/",
        "https://paatos-helsinki.6aika.fi/v1/event/560/",
        "https://paatos-helsinki.6aika.fi/v1/event/561/",
        "https://paatos-helsinki.6aika.fi/v1/event/690/",
        "https://paatos-helsinki.6aika.fi/v1/event/691/",
        "https://paatos-helsinki.6aika.fi/v1/event/692/",
        "https://paatos-helsinki.6aika.fi/v1/event/693/",
        "https://paatos-helsinki.6aika.fi/v1/event/694/",
        "https://paatos-helsinki.6aika.fi/v1/event/695/",
        "https://paatos-helsinki.6aika.fi/v1/event/696/",
        "https://paatos-helsinki.6aika.fi/v1/event/697/",
        "https://paatos-helsinki.6aika.fi/v1/event/698/",
        "https://paatos-helsinki.6aika.fi/v1/event/699/",
        "https://paatos-helsinki.6aika.fi/v1/event/700/",
        "https://paatos-helsinki.6aika.fi/v1/event/701/",
        "https://paatos-helsinki.6aika.fi/v1/event/702/",
        "https://paatos-helsinki.6aika.fi/v1/event/703/",
        "https://paatos-helsinki.6aika.fi/v1/event/704/",
        "https://paatos-helsinki.6aika.fi/v1/event/705/",
        "https://paatos-helsinki.6aika.fi/v1/event/830/",
        "https://paatos-helsinki.6aika.fi/v1/event/831/",
        "https://paatos-helsinki.6aika.fi/v1/event/832/",
        "https://paatos-helsinki.6aika.fi/v1/event/833/",
        "https://paatos-helsinki.6aika.fi/v1/event/834/",
        "https://paatos-helsinki.6aika.fi/v1/event/835/",
        "https://paatos-helsinki.6aika.fi/v1/event/836/",
        "https://paatos-helsinki.6aika.fi/v1/event/837/",
        "https://paatos-helsinki.6aika.fi/v1/event/838/",
        "https://paatos-helsinki.6aika.fi/v1/event/967/",
        "https://paatos-helsinki.6aika.fi/v1/event/968/",
        "https://paatos-helsinki.6aika.fi/v1/event/969/",
        "https://paatos-helsinki.6aika.fi/v1/event/970/",
        "https://paatos-helsinki.6aika.fi/v1/event/971/",
        "https://paatos-helsinki.6aika.fi/v1/event/972/",
        "https://paatos-helsinki.6aika.fi/v1/event/973/",
        "https://paatos-helsinki.6aika.fi/v1/event/974/",
        "https://paatos-helsinki.6aika.fi/v1/event/975/",
        "https://paatos-helsinki.6aika.fi/v1/event/976/",
        "https://paatos-helsinki.6aika.fi/v1/event/977/",
        "https://paatos-helsinki.6aika.fi/v1/event/978/",
        "https://paatos-helsinki.6aika.fi/v1/event/1094/",
        "https://paatos-helsinki.6aika.fi/v1/event/1095/",
        "https://paatos-helsinki.6aika.fi/v1/event/1096/",
        "https://paatos-helsinki.6aika.fi/v1/event/1097/",
        "https://paatos-helsinki.6aika.fi/v1/event/1098/",
        "https://paatos-helsinki.6aika.fi/v1/event/1099/",
        "https://paatos-helsinki.6aika.fi/v1/event/1107/",
        "https://paatos-helsinki.6aika.fi/v1/event/1115/",
        "https://paatos-helsinki.6aika.fi/v1/event/1123/",
        "https://paatos-helsinki.6aika.fi/v1/event/1169/",
        "https://paatos-helsinki.6aika.fi/v1/event/1201/",
        "https://paatos-helsinki.6aika.fi/v1/event/1203/",
        "https://paatos-helsinki.6aika.fi/v1/event/1220/",
        "https://paatos-helsinki.6aika.fi/v1/event/1230/",
        "https://paatos-helsinki.6aika.fi/v1/event/1238/",
        "https://paatos-helsinki.6aika.fi/v1/event/1251/",
        "https://paatos-helsinki.6aika.fi/v1/event/1252/",
        "https://paatos-helsinki.6aika.fi/v1/event/1273/",
        "https://paatos-helsinki.6aika.fi/v1/event/1274/",
        "https://paatos-helsinki.6aika.fi/v1/event/1283/",
        "https://paatos-helsinki.6aika.fi/v1/event/1297/",
        "https://paatos-helsinki.6aika.fi/v1/event/1309/",
        "https://paatos-helsinki.6aika.fi/v1/event/1326/",
        "https://paatos-helsinki.6aika.fi/v1/event/1342/",
        "https://paatos-helsinki.6aika.fi/v1/event/1343/",
        "https://paatos-helsinki.6aika.fi/v1/event/1350/",
        "https://paatos-helsinki.6aika.fi/v1/event/1351/",
        "https://paatos-helsinki.6aika.fi/v1/event/1362/",
        "https://paatos-helsinki.6aika.fi/v1/event/1370/",
        "https://paatos-helsinki.6aika.fi/v1/event/1388/",
        "https://paatos-helsinki.6aika.fi/v1/event/1391/",
        "https://paatos-helsinki.6aika.fi/v1/event/1397/",
        "https://paatos-helsinki.6aika.fi/v1/event/1423/",
        "https://paatos-helsinki.6aika.fi/v1/event/1424/",
        "https://paatos-helsinki.6aika.fi/v1/event/1425/",
        "https://paatos-helsinki.6aika.fi/v1/event/1428/",
        "https://paatos-helsinki.6aika.fi/v1/event/1436/",
        "https://paatos-helsinki.6aika.fi/v1/event/1437/",
        "https://paatos-helsinki.6aika.fi/v1/event/1438/",
        "https://paatos-helsinki.6aika.fi/v1/event/1439/",
        "https://paatos-helsinki.6aika.fi/v1/event/1440/",
        "https://paatos-helsinki.6aika.fi/v1/event/1441/",
        "https://paatos-helsinki.6aika.fi/v1/event/1442/",
        "https://paatos-helsinki.6aika.fi/v1/event/1443/",
        "https://paatos-helsinki.6aika.fi/v1/event/1444/",
        "https://paatos-helsinki.6aika.fi/v1/event/1445/",
        "https://paatos-helsinki.6aika.fi/v1/event/1446/",
        "https://paatos-helsinki.6aika.fi/v1/event/1447/",
        "https://paatos-helsinki.6aika.fi/v1/event/1448/",
        "https://paatos-helsinki.6aika.fi/v1/event/1449/",
        "https://paatos-helsinki.6aika.fi/v1/event/1450/",
        "https://paatos-helsinki.6aika.fi/v1/event/1455/",
        "https://paatos-helsinki.6aika.fi/v1/event/1596/",
        "https://paatos-helsinki.6aika.fi/v1/event/1608/",
        "https://paatos-helsinki.6aika.fi/v1/event/1614/",
        "https://paatos-helsinki.6aika.fi/v1/event/1630/",
        "https://paatos-helsinki.6aika.fi/v1/event/1637/",
        "https://paatos-helsinki.6aika.fi/v1/event/1646/",
        "https://paatos-helsinki.6aika.fi/v1/event/1655/",
        "https://paatos-helsinki.6aika.fi/v1/event/1657/",
        "https://paatos-helsinki.6aika.fi/v1/event/1666/",
        "https://paatos-helsinki.6aika.fi/v1/event/1682/",
        "https://paatos-helsinki.6aika.fi/v1/event/1694/",
        "https://paatos-helsinki.6aika.fi/v1/event/1703/",
        "https://paatos-helsinki.6aika.fi/v1/event/1716/",
        "https://paatos-helsinki.6aika.fi/v1/event/1725/",
        "https://paatos-helsinki.6aika.fi/v1/event/1732/",
        "https://paatos-helsinki.6aika.fi/v1/event/1739/",
        "https://paatos-helsinki.6aika.fi/v1/event/1748/",
        "https://paatos-helsinki.6aika.fi/v1/event/1758/",
        "https://paatos-helsinki.6aika.fi/v1/event/1775/",
        "https://paatos-helsinki.6aika.fi/v1/event/1793/",
        "https://paatos-helsinki.6aika.fi/v1/event/1794/",
        "https://paatos-helsinki.6aika.fi/v1/event/1814/",
        "https://paatos-helsinki.6aika.fi/v1/event/1826/",
        "https://paatos-helsinki.6aika.fi/v1/event/1829/",
        "https://paatos-helsinki.6aika.fi/v1/event/1849/",
        "https://paatos-helsinki.6aika.fi/v1/event/1870/",
        "https://paatos-helsinki.6aika.fi/v1/event/1872/",
        "https://paatos-helsinki.6aika.fi/v1/event/1881/",
        "https://paatos-helsinki.6aika.fi/v1/event/1901/",
        "https://paatos-helsinki.6aika.fi/v1/event/1908/",
        "https://paatos-helsinki.6aika.fi/v1/event/1924/",
        "https://paatos-helsinki.6aika.fi/v1/event/1942/",
        "https://paatos-helsinki.6aika.fi/v1/event/1943/",
        "https://paatos-helsinki.6aika.fi/v1/event/1950/",
        "https://paatos-helsinki.6aika.fi/v1/event/1956/",
        "https://paatos-helsinki.6aika.fi/v1/event/1962/",
        "https://paatos-helsinki.6aika.fi/v1/event/1982/",
        "https://paatos-helsinki.6aika.fi/v1/event/1989/",
        "https://paatos-helsinki.6aika.fi/v1/event/2008/",
        "https://paatos-helsinki.6aika.fi/v1/event/2022/",
        "https://paatos-helsinki.6aika.fi/v1/event/2032/",
        "https://paatos-helsinki.6aika.fi/v1/event/2049/",
        "https://paatos-helsinki.6aika.fi/v1/event/2065/",
        "https://paatos-helsinki.6aika.fi/v1/event/2077/",
        "https://paatos-helsinki.6aika.fi/v1/event/2079/",
        "https://paatos-helsinki.6aika.fi/v1/event/2091/",
        "https://paatos-helsinki.6aika.fi/v1/event/2103/",
        "https://paatos-helsinki.6aika.fi/v1/event/2112/",
        "https://paatos-helsinki.6aika.fi/v1/event/2129/",
        "https://paatos-helsinki.6aika.fi/v1/event/2140/",
        "https://paatos-helsinki.6aika.fi/v1/event/2148/",
        "https://paatos-helsinki.6aika.fi/v1/event/2153/",
        "https://paatos-helsinki.6aika.fi/v1/event/2154/",
        "https://paatos-helsinki.6aika.fi/v1/event/2161/",
        "https://paatos-helsinki.6aika.fi/v1/event/2170/",
        "https://paatos-helsinki.6aika.fi/v1/event/2183/",
        "https://paatos-helsinki.6aika.fi/v1/event/2202/",
        "https://paatos-helsinki.6aika.fi/v1/event/2204/",
        "https://paatos-helsinki.6aika.fi/v1/event/2215/",
        "https://paatos-helsinki.6aika.fi/v1/event/2228/",
        "https://paatos-helsinki.6aika.fi/v1/event/2241/",
        "https://paatos-helsinki.6aika.fi/v1/event/2255/",
        "https://paatos-helsinki.6aika.fi/v1/event/2260/",
        "https://paatos-helsinki.6aika.fi/v1/event/2275/",
        "https://paatos-helsinki.6aika.fi/v1/event/2286/",
        "https://paatos-helsinki.6aika.fi/v1/event/2294/",
        "https://paatos-helsinki.6aika.fi/v1/event/2309/",
        "https://paatos-helsinki.6aika.fi/v1/event/2328/",
        "https://paatos-helsinki.6aika.fi/v1/event/2332/",
        "https://paatos-helsinki.6aika.fi/v1/event/2338/",
        "https://paatos-helsinki.6aika.fi/v1/event/2361/",
        "https://paatos-helsinki.6aika.fi/v1/event/2367/",
        "https://paatos-helsinki.6aika.fi/v1/event/2376/",
        "https://paatos-helsinki.6aika.fi/v1/event/2384/",
        "https://paatos-helsinki.6aika.fi/v1/event/2404/",
        "https://paatos-helsinki.6aika.fi/v1/event/2433/",
        "https://paatos-helsinki.6aika.fi/v1/event/2442/",
        "https://paatos-helsinki.6aika.fi/v1/event/2453/",
        "https://paatos-helsinki.6aika.fi/v1/event/2462/",
        "https://paatos-helsinki.6aika.fi/v1/event/2466/",
        "https://paatos-helsinki.6aika.fi/v1/event/2467/",
        "https://paatos-helsinki.6aika.fi/v1/event/2473/",
        "https://paatos-helsinki.6aika.fi/v1/event/2485/",
        "https://paatos-helsinki.6aika.fi/v1/event/2502/",
        "https://paatos-helsinki.6aika.fi/v1/event/2517/",
        "https://paatos-helsinki.6aika.fi/v1/event/2523/",
        "https://paatos-helsinki.6aika.fi/v1/event/2530/",
        "https://paatos-helsinki.6aika.fi/v1/event/2541/",
      ],
      "founding_date": null,
      "id": 106,
      "modified_at": "2017-05-05T06:12:51.070051Z",
      "name": "Kaupunginhallitus",
      "origin_id": "00400",
      "parent": "https://paatos-helsinki.6aika.fi/v1/organization/19/",
      "posts": Array [],
      "url": "https://paatos-helsinki.6aika.fi/v1/organization/106/",
    }
  }
  organizations={
    Array [
      Object {
        "classification": "Kaupunki",
        "created_at": "2017-05-05T06:12:49.768550Z",
        "data_source": "helsinki",
        "dissolution_date": null,
        "events": Array [],
        "founding_date": null,
        "id": 1,
        "modified_at": "2017-05-05T06:12:49.768610Z",
        "name": "Helsingin kaupunki",
        "origin_id": "00001",
        "parent": null,
        "posts": Array [],
        "url": "https://paatos-helsinki.6aika.fi/v1/organization/1/",
      },
      Object {
        "classification": "Virasto",
        "created_at": "2017-05-05T06:12:49.780760Z",
        "data_source": "helsinki",
        "dissolution_date": "2013-12-31",
        "events": Array [],
        "founding_date": null,
        "id": 2,
        "modified_at": "2017-05-05T06:12:49.780799Z",
        "name": "Hallintokeskus",
        "origin_id": "01101",
        "parent": null,
        "posts": Array [],
        "url": "https://paatos-helsinki.6aika.fi/v1/organization/2/",
      },
      Object {
        "classification": "Osasto",
        "created_at": "2017-05-05T06:12:49.788757Z",
        "data_source": "helsinki",
        "dissolution_date": "2013-12-31",
        "events": Array [],
        "founding_date": null,
        "id": 3,
        "modified_at": "2017-05-05T06:12:49.788791Z",
        "name": "Hallinto-osasto/Halke",
        "origin_id": "011010",
        "parent": null,
        "posts": Array [],
        "url": "https://paatos-helsinki.6aika.fi/v1/organization/3/",
      },
      Object {
        "classification": "Osasto",
        "created_at": "2017-05-05T06:12:49.798209Z",
        "data_source": "helsinki",
        "dissolution_date": "2013-12-31",
        "events": Array [],
        "founding_date": null,
        "id": 4,
        "modified_at": "2017-05-05T06:12:49.798244Z",
        "name": "Kansainvälinen toiminta",
        "origin_id": "011013",
        "parent": null,
        "posts": Array [],
        "url": "https://paatos-helsinki.6aika.fi/v1/organization/4/",
      },
      Object {
        "classification": "Osasto",
        "created_at": "2017-05-05T06:12:49.807400Z",
        "data_source": "helsinki",
        "dissolution_date": "2013-12-31",
        "events": Array [],
        "founding_date": null,
        "id": 5,
        "modified_at": "2017-05-05T06:12:49.807434Z",
        "name": "Viestintä",
        "origin_id": "011016",
        "parent": null,
        "posts": Array [],
        "url": "https://paatos-helsinki.6aika.fi/v1/organization/5/",
      },
      Object {
        "classification": "Osasto",
        "created_at": "2017-05-05T06:12:49.819356Z",
        "data_source": "helsinki",
        "dissolution_date": "2013-12-31",
        "events": Array [],
        "founding_date": null,
        "id": 6,
        "modified_at": "2017-05-05T06:12:49.819418Z",
        "name": "Oikeuspalvelut",
        "origin_id": "011030",
        "parent": null,
        "posts": Array [],
        "url": "https://paatos-helsinki.6aika.fi/v1/organization/6/",
      },
      Object {
        "classification": "Virasto",
        "created_at": "2017-05-05T06:12:49.828239Z",
        "data_source": "helsinki",
        "dissolution_date": "2013-12-31",
        "events": Array [],
        "founding_date": null,
        "id": 7,
        "modified_at": "2017-05-05T06:12:49.828294Z",
        "name": "Talous- ja suunnittelukeskus",
        "origin_id": "01500",
        "parent": null,
        "posts": Array [],
        "url": "https://paatos-helsinki.6aika.fi/v1/organization/7/",
      },
      Object {
        "classification": "Osasto",
        "created_at": "2017-05-05T06:12:49.839674Z",
        "data_source": "helsinki",
        "dissolution_date": "2013-12-31",
        "events": Array [],
        "founding_date": null,
        "id": 8,
        "modified_at": "2017-05-05T06:12:49.839712Z",
        "name": "Taloussuunnittelu- ja varainhallintaosasto",
        "origin_id": "015100",
        "parent": null,
        "posts": Array [],
        "url": "https://paatos-helsinki.6aika.fi/v1/organization/8/",
      },
      Object {
        "classification": "Osasto",
        "created_at": "2017-05-05T06:12:49.848798Z",
        "data_source": "helsinki",
        "dissolution_date": "2013-12-31",
        "events": Array [],
        "founding_date": null,
        "id": 9,
        "modified_at": "2017-05-05T06:12:49.848833Z",
        "name": "Kehittämisosasto",
        "origin_id": "015200",
        "parent": null,
        "posts": Array [],
        "url": "https://paatos-helsinki.6aika.fi/v1/organization/9/",
      },
      Object {
        "classification": "Osasto",
        "created_at": "2017-05-05T06:12:49.862629Z",
        "data_source": "helsinki",
        "dissolution_date": "2013-12-31",
        "events": Array [],
        "founding_date": null,
        "id": 10,
        "modified_at": "2017-05-05T06:12:49.862700Z",
        "name": "Sisäinen tarkastus",
        "origin_id": "015300",
        "parent": null,
        "posts": Array [],
        "url": "https://paatos-helsinki.6aika.fi/v1/organization/10/",
      },
      Object {
        "classification": "Osasto",
        "created_at": "2017-05-05T06:12:49.875552Z",
        "data_source": "helsinki",
        "dissolution_date": "2013-12-31",
        "events": Array [],
        "founding_date": null,
        "id": 11,
        "modified_at": "2017-05-05T06:12:49.875623Z",
        "name": "Tietotekniikkaosasto",
        "origin_id": "015400",
        "parent": null,
        "posts": Array [],
        "url": "https://paatos-helsinki.6aika.fi/v1/organization/11/",
      },
      Object {
        "classification": "Osasto",
        "created_at": "2017-05-05T06:12:49.889101Z",
        "data_source": "helsinki",
        "dissolution_date": "2013-12-31",
        "events": Array [],
        "founding_date": null,
        "id": 12,
        "modified_at": "2017-05-05T06:12:49.889168Z",
        "name": "Varainhallinta",
        "origin_id": "015500",
        "parent": null,
        "posts": Array [],
        "url": "https://paatos-helsinki.6aika.fi/v1/organization/12/",
      },
      Object {
        "classification": "Osasto",
        "created_at": "2017-05-05T06:12:49.902636Z",
        "data_source": "helsinki",
        "dissolution_date": "2013-12-31",
        "events": Array [],
        "founding_date": null,
        "id": 13,
        "modified_at": "2017-05-05T06:12:49.902703Z",
        "name": "Elinkeinopalvelu",
        "origin_id": "015600",
        "parent": null,
        "posts": Array [],
        "url": "https://paatos-helsinki.6aika.fi/v1/organization/13/",
      },
      Object {
        "classification": "Virasto",
        "created_at": "2017-05-05T06:12:49.921509Z",
        "data_source": "helsinki",
        "dissolution_date": "2013-12-31",
        "events": Array [],
        "founding_date": null,
        "id": 14,
        "modified_at": "2017-05-05T06:12:49.921550Z",
        "name": "Henkilöstökeskus",
        "origin_id": "01800",
        "parent": null,
        "posts": Array [],
        "url": "https://paatos-helsinki.6aika.fi/v1/organization/14/",
      },
      Object {
        "classification": "Osasto",
        "created_at": "2017-05-05T06:12:49.933902Z",
        "data_source": "helsinki",
        "dissolution_date": "2013-12-31",
        "events": Array [],
        "founding_date": null,
        "id": 15,
        "modified_at": "2017-05-05T06:12:49.933951Z",
        "name": "Henkilöstöpolitiikkaosasto",
        "origin_id": "018010",
        "parent": null,
        "posts": Array [],
        "url": "https://paatos-helsinki.6aika.fi/v1/organization/15/",
      },
      Object {
        "classification": "Osasto",
        "created_at": "2017-05-05T06:12:49.948763Z",
        "data_source": "helsinki",
        "dissolution_date": "2013-12-31",
        "events": Array [],
        "founding_date": null,
        "id": 16,
        "modified_at": "2017-05-05T06:12:49.948812Z",
        "name": "Henkilöstövoimavaraosasto",
        "origin_id": "018050",
        "parent": null,
        "posts": Array [],
        "url": "https://paatos-helsinki.6aika.fi/v1/organization/16/",
      },
      Object {
        "classification": "Osasto",
        "created_at": "2017-05-05T06:12:49.961590Z",
        "data_source": "helsinki",
        "dissolution_date": "2013-12-31",
        "events": Array [],
        "founding_date": null,
        "id": 17,
        "modified_at": "2017-05-05T06:12:49.961635Z",
        "name": "Maahanmuutto-osasto",
        "origin_id": "018060",
        "parent": null,
        "posts": Array [],
        "url": "https://paatos-helsinki.6aika.fi/v1/organization/17/",
      },
      Object {
        "classification": "Virasto",
        "created_at": "2017-05-05T06:12:49.973059Z",
        "data_source": "helsinki",
        "dissolution_date": "2015-12-31",
        "events": Array [],
        "founding_date": null,
        "id": 18,
        "modified_at": "2017-05-05T06:12:49.973116Z",
        "name": "Työterveyskeskus",
        "origin_id": "02000",
        "parent": null,
        "posts": Array [],
        "url": "https://paatos-helsinki.6aika.fi/v1/organization/18/",
      },
      Object {
        "classification": "Valtuusto",
        "created_at": "2017-05-05T06:12:49.984343Z",
        "data_source": "helsinki",
        "dissolution_date": null,
        "events": Array [
          "https://paatos-helsinki.6aika.fi/v1/event/135/",
          "https://paatos-helsinki.6aika.fi/v1/event/171/",
          "https://paatos-helsinki.6aika.fi/v1/event/172/",
          "https://paatos-helsinki.6aika.fi/v1/event/173/",
          "https://paatos-helsinki.6aika.fi/v1/event/174/",
          "https://paatos-helsinki.6aika.fi/v1/event/175/",
          "https://paatos-helsinki.6aika.fi/v1/event/176/",
          "https://paatos-helsinki.6aika.fi/v1/event/177/",
          "https://paatos-helsinki.6aika.fi/v1/event/178/",
          "https://paatos-helsinki.6aika.fi/v1/event/179/",
          "https://paatos-helsinki.6aika.fi/v1/event/180/",
          "https://paatos-helsinki.6aika.fi/v1/event/181/",
          "https://paatos-helsinki.6aika.fi/v1/event/182/",
          "https://paatos-helsinki.6aika.fi/v1/event/183/",
          "https://paatos-helsinki.6aika.fi/v1/event/184/",
          "https://paatos-helsinki.6aika.fi/v1/event/185/",
          "https://paatos-helsinki.6aika.fi/v1/event/186/",
          "https://paatos-helsinki.6aika.fi/v1/event/187/",
          "https://paatos-helsinki.6aika.fi/v1/event/188/",
          "https://paatos-helsinki.6aika.fi/v1/event/189/",
          "https://paatos-helsinki.6aika.fi/v1/event/190/",
          "https://paatos-helsinki.6aika.fi/v1/event/191/",
          "https://paatos-helsinki.6aika.fi/v1/event/192/",
          "https://paatos-helsinki.6aika.fi/v1/event/193/",
          "https://paatos-helsinki.6aika.fi/v1/event/194/",
          "https://paatos-helsinki.6aika.fi/v1/event/195/",
          "https://paatos-helsinki.6aika.fi/v1/event/564/",
          "https://paatos-helsinki.6aika.fi/v1/event/565/",
          "https://paatos-helsinki.6aika.fi/v1/event/566/",
          "https://paatos-helsinki.6aika.fi/v1/event/711/",
          "https://paatos-helsinki.6aika.fi/v1/event/712/",
          "https://paatos-helsinki.6aika.fi/v1/event/713/",
          "https://paatos-helsinki.6aika.fi/v1/event/714/",
          "https://paatos-helsinki.6aika.fi/v1/event/715/",
          "https://paatos-helsinki.6aika.fi/v1/event/716/",
          "https://paatos-helsinki.6aika.fi/v1/event/717/",
          "https://paatos-helsinki.6aika.fi/v1/event/845/",
          "https://paatos-helsinki.6aika.fi/v1/event/846/",
          "https://paatos-helsinki.6aika.fi/v1/event/847/",
          "https://paatos-helsinki.6aika.fi/v1/event/848/",
          "https://paatos-helsinki.6aika.fi/v1/event/849/",
          "https://paatos-helsinki.6aika.fi/v1/event/986/",
          "https://paatos-helsinki.6aika.fi/v1/event/987/",
          "https://paatos-helsinki.6aika.fi/v1/event/988/",
          "https://paatos-helsinki.6aika.fi/v1/event/989/",
          "https://paatos-helsinki.6aika.fi/v1/event/990/",
          "https://paatos-helsinki.6aika.fi/v1/event/991/",
          "https://paatos-helsinki.6aika.fi/v1/event/1110/",
          "https://paatos-helsinki.6aika.fi/v1/event/1125/",
          "https://paatos-helsinki.6aika.fi/v1/event/1126/",
          "https://paatos-helsinki.6aika.fi/v1/event/1127/",
          "https://paatos-helsinki.6aika.fi/v1/event/1196/",
          "https://paatos-helsinki.6aika.fi/v1/event/1204/",
          "https://paatos-helsinki.6aika.fi/v1/event/1231/",
          "https://paatos-helsinki.6aika.fi/v1/event/1254/",
          "https://paatos-helsinki.6aika.fi/v1/event/1271/",
          "https://paatos-helsinki.6aika.fi/v1/event/1290/",
          "https://paatos-helsinki.6aika.fi/v1/event/1305/",
          "https://paatos-helsinki.6aika.fi/v1/event/1337/",
          "https://paatos-helsinki.6aika.fi/v1/event/1376/",
          "https://paatos-helsinki.6aika.fi/v1/event/1378/",
          "https://paatos-helsinki.6aika.fi/v1/event/1403/",
          "https://paatos-helsinki.6aika.fi/v1/event/1462/",
          "https://paatos-helsinki.6aika.fi/v1/event/1463/",
          "https://paatos-helsinki.6aika.fi/v1/event/1464/",
          "https://paatos-helsinki.6aika.fi/v1/event/1465/",
          "https://paatos-helsinki.6aika.fi/v1/event/1466/",
          "https://paatos-helsinki.6aika.fi/v1/event/1602/",
          "https://paatos-helsinki.6aika.fi/v1/event/1620/",
          "https://paatos-helsinki.6aika.fi/v1/event/1697/",
          "https://paatos-helsinki.6aika.fi/v1/event/1720/",
          "https://paatos-helsinki.6aika.fi/v1/event/1727/",
          "https://paatos-helsinki.6aika.fi/v1/event/1743/",
          "https://paatos-helsinki.6aika.fi/v1/event/1759/",
          "https://paatos-helsinki.6aika.fi/v1/event/1787/",
          "https://paatos-helsinki.6aika.fi/v1/event/1823/",
          "https://paatos-helsinki.6aika.fi/v1/event/1828/",
          "https://paatos-helsinki.6aika.fi/v1/event/1832/",
          "https://paatos-helsinki.6aika.fi/v1/event/1850/",
          "https://paatos-helsinki.6aika.fi/v1/event/1880/",
          "https://paatos-helsinki.6aika.fi/v1/event/1902/",
          "https://paatos-helsinki.6aika.fi/v1/event/1916/",
          "https://paatos-helsinki.6aika.fi/v1/event/1939/",
          "https://paatos-helsinki.6aika.fi/v1/event/1970/",
          "https://paatos-helsinki.6aika.fi/v1/event/1993/",
          "https://paatos-helsinki.6aika.fi/v1/event/2012/",
          "https://paatos-helsinki.6aika.fi/v1/event/2038/",
          "https://paatos-helsinki.6aika.fi/v1/event/2052/",
          "https://paatos-helsinki.6aika.fi/v1/event/2098/",
          "https://paatos-helsinki.6aika.fi/v1/event/2117/",
          "https://paatos-helsinki.6aika.fi/v1/event/2131/",
          "https://paatos-helsinki.6aika.fi/v1/event/2145/",
          "https://paatos-helsinki.6aika.fi/v1/event/2180/",
          "https://paatos-helsinki.6aika.fi/v1/event/2196/",
          "https://paatos-helsinki.6aika.fi/v1/event/2221/",
          "https://paatos-helsinki.6aika.fi/v1/event/2262/",
          "https://paatos-helsinki.6aika.fi/v1/event/2276/",
          "https://paatos-helsinki.6aika.fi/v1/event/2280/",
          "https://paatos-helsinki.6aika.fi/v1/event/2292/",
          "https://paatos-helsinki.6aika.fi/v1/event/2324/",
          "https://paatos-helsinki.6aika.fi/v1/event/2333/",
          "https://paatos-helsinki.6aika.fi/v1/event/2373/",
          "https://paatos-helsinki.6aika.fi/v1/event/2400/",
          "https://paatos-helsinki.6aika.fi/v1/event/2420/",
          "https://paatos-helsinki.6aika.fi/v1/event/2430/",
          "https://paatos-helsinki.6aika.fi/v1/event/2448/",
          "https://paatos-helsinki.6aika.fi/v1/event/2457/",
          "https://paatos-helsinki.6aika.fi/v1/event/2477/",
          "https://paatos-helsinki.6aika.fi/v1/event/2497/",
          "https://paatos-helsinki.6aika.fi/v1/event/2525/",
          "https://paatos-helsinki.6aika.fi/v1/event/2542/",
        ],
        "founding_date": null,
        "id": 19,
        "modified_at": "2017-05-05T06:12:49.984382Z",
        "name": "Kaupunginvaltuusto",
        "origin_id": "02900",
        "parent": null,
        "posts": Array [],
        "url": "https://paatos-helsinki.6aika.fi/v1/organization/19/",
      },
      Object {
        "classification": "Osasto",
        "created_at": "2017-05-05T06:12:49.992342Z",
        "data_source": "helsinki",
        "dissolution_date": "2013-10-31",
        "events": Array [],
        "founding_date": null,
        "id": 20,
        "modified_at": "2017-05-05T06:12:49.992380Z",
        "name": "Hallinto-osasto/Pel",
        "origin_id": "111100",
        "parent": null,
        "posts": Array [],
        "url": "https://paatos-helsinki.6aika.fi/v1/organization/20/",
      },
    ]
  }
>
  <Box
    announce={false}
    direction="column"
    focusable={true}
    pad="none"
    responsive={true}
    tag="div"
  >
    <div
      className="grommetux-box grommetux-box--direction-column grommetux-box--responsive grommetux-box--pad-none"
      style={Object {}}
    >
      <ResourceMap
        active={null}
        data={
          Object {
            "categories": Array [
              Object {
                "id": "category-106",
                "items": Array [
                  Object {
                    "id": "106",
                    "label": "Kaupunginhallitus",
                    "node": <Box
                      announce={false}
                      colorIndex="neutral-1"
                      direction="column"
                      focusable={true}
                      pad="small"
                      responsive={true}
                      tag="div"
          >
                      Kaupunginhallitus
          </Box>,
                  },
                ],
                "label": "Hallitus",
              },
            ],
            "links": Array [],
          }
        }
        linkColorIndex="graph-1"
        onActive={[Function]}
        onClick={[Function]}
        vertical={false}
      >
        <div
          className="grommetux-map"
          onClick={[Function]}
        >
          <svg
            className="grommetux-map__links"
            height={0}
            preserveAspectRatio="xMidYMid meet"
            viewBox="0 0 0 0"
            width={0}
          />
          <ol
            className="grommetux-map__categories"
          >
            <li
              className="grommetux-map__category"
            >
              <div
                className="grommetux-map__category-label"
              >
                Hallitus
              </div>
              <ul
                className="grommetux-map__category-items"
              >
                <li
                  aria-label="Kaupunginhallitus, No Relationship"
                  className="grommetux-map__item grommetux-map__item--plain"
                  id="106"
                  onMouseEnter={[Function]}
                  onMouseLeave={[Function]}
                >
                  <Box
                    announce={false}
                    colorIndex="neutral-1"
                    direction="column"
                    focusable={true}
                    pad="small"
                    responsive={true}
                    tag="div"
                  >
                    <div
                      className="grommetux-box grommetux-box--direction-column grommetux-box--responsive grommetux-box--pad-small grommetux-background-color-index-neutral-1 grommetux-background-color-index--pending"
                      style={Object {}}
                    >
                      Kaupunginhallitus
                    </div>
                  </Box>
                </li>
              </ul>
            </li>
          </ol>
        </div>
      </ResourceMap>
    </div>
  </Box>
</OrganizationMap>
`;
