// Jest Snapshot v1, https://goo.gl/fbAQLP

exports[`<MainPageContainer /> Matches snapshot 1`] = `
<MainPageContainer
  case={Object {}}
  dispatch={[Function]}
  event={Object {}}
  organization={Object {}}
  store={
    Object {
      "clearActions": [Function],
      "dispatch": [Function],
      "getActions": [Function],
      "getState": [Function],
      "replaceReducer": [Function],
      "subscribe": [Function],
    }
  }
/>
`;
