// Jest Snapshot v1, https://goo.gl/fbAQLP

exports[`<CaseContainer /> Matches snapshot 1`] = `
<CaseContainer
  cases={Object {}}
  dispatch={[Function]}
  selected_case={Object {}}
  store={
    Object {
      "clearActions": [Function],
      "dispatch": [Function],
      "getActions": [Function],
      "getState": [Function],
      "replaceReducer": [Function],
      "subscribe": [Function],
    }
  }
/>
`;
